Microchip MPLAB XC8 Compiler V1.41 ()

Linker command line:

-W-3 --edf=C:\Program Files (x86)\Microchip\xc8\v1.41\dat\en_msgs.txt -cs \
  -h+dist/default/production\KB_Scan.X.production.sym \
  --cmf=dist/default/production\KB_Scan.X.production.cmf -z -Q18F45K20 \
  -oC:\Users\Justin\AppData\Local\Temp\s71vc.2 \
  -Mdist/default/production/KB_Scan.X.production.map -E1 -ver=XC8 \
  -ASTACK=060h-05ffh -pstack=STACK -ACODE=00h-07FFFh -ACONST=00h-07FFFh \
  -ASMALLCONST=0600h-06FFhx122 -AMEDIUMCONST=0600h-07FFFh -ACOMRAM=01h-05Fh \
  -AABS1=00h-05FFh -ABIGRAM=01h-05FFh -ARAM=060h-0FFh,0100h-01FFhx5 \
  -ABANK0=060h-0FFh -ABANK1=0100h-01FFh -ABANK2=0200h-02FFh \
  -ABANK3=0300h-03FFh -ABANK4=0400h-04FFh -ABANK5=0500h-05FFh \
  -ASFR=0F60h-0FFFh -preset_vec=00h,intcode=08h,intcodelo,powerup,init \
  -pramtop=0600h -psmallconst=SMALLCONST -pmediumconst=MEDIUMCONST \
  -pconst=CONST -AFARRAM=00h-00h -ACONFIG=0300000h-030000Dh -pconfig=CONFIG \
  -AIDLOC=0200000h-0200007h -pidloc=IDLOC -AEEDATA=0F00000h-0F000FFh \
  -peeprom_data=EEDATA \
  -prdata=COMRAM,nvrram=COMRAM,nvbit=COMRAM,rbss=COMRAM,rbit=COMRAM \
  -pfarbss=FARRAM,fardata=FARRAM,nvFARRAM=FARRAM \
  -pintsave_regs=BIGRAM,bigbss=BIGRAM,bigdata=BIGRAM -pbss=RAM \
  -pidata=CODE,irdata=CODE,ibigdata=CODE,ifardata=CODE -prparam=COMRAM \
  C:\Users\Justin\AppData\Local\Temp\s71vc.obj \
  dist/default/production\KB_Scan.X.production.obj 

Object code version is 3.11

Machine type is 18F45K20

Call graph: (short form)




                Name                               Link     Load   Length Selector   Space Scale
C:\Users\Justin\AppData\Local\Temp\s71vc.obj
                init                                 9A       9A        4        4       0
                reset_vec                             0        0        4        0       0
                idloc                            200000   200000        8   200000       0
                config                           300000   300000        E   300000       0
dist/default/production\KB_Scan.X.production.obj
                intcode                               8        8       92        4       0
                temp                                 42       42        1        1       1
                smallconst                          600      600        A      300       0
                text23                              B6A      B6A        2      305       0
                text22                              AFE      AFE       18      305       0
                text21                              9C0      9C0       3E      305       0
                text20                              60A      60A      23E      305       0
                text18                              A5A      A5A       28      305       0
                text17                              B16      B16       12      305       0
                text16                              A82      A82       26      305       0
                text15                              B54      B54        8      305       0
                text14                              B4C      B4C        8      305       0
                text13                              B36      B36        C      305       0
                text12                              8DA      8DA       8E      305       0
                text11                              B62      B62        4      305       0
                text10                              B28      B28        E      305       0
                text9                               B5C      B5C        6      305       0
                text8                               AE4      AE4       1A      305       0
                text7                               B68      B68        2      305       0
                text6                               A30      A30       2A      305       0
                text5                               B66      B66        2      305       0
                text4                               B42      B42        A      305       0
                text3                               9FE      9FE       32      305       0
                text2                               AA8      AA8       22      305       0
                text1                               968      968       58      305       0
                text0                               848      848       92      305       0
                cstackCOMRAM                         26       26       1C        1       1
                bssCOMRAM                             1        1       25        1       1
                cinit                               ACA      ACA       1A      305       0

TOTAL           Name                               Link     Load   Length     Space
        CLASS   STACK          

        CLASS   CODE           
                intcode                               8        8       92         0
                init                                 9A       9A        4         0
                reset_vec                             0        0        4         0
                text23                              B6A      B6A        2         0
                text22                              AFE      AFE       18         0
                text21                              9C0      9C0       3E         0
                text20                              60A      60A      23E         0
                text18                              A5A      A5A       28         0
                text17                              B16      B16       12         0
                text16                              A82      A82       26         0
                text15                              B54      B54        8         0
                text14                              B4C      B4C        8         0
                text13                              B36      B36        C         0
                text12                              8DA      8DA       8E         0
                text11                              B62      B62        4         0
                text10                              B28      B28        E         0
                text9                               B5C      B5C        6         0
                text8                               AE4      AE4       1A         0
                text7                               B68      B68        2         0
                text6                               A30      A30       2A         0
                text5                               B66      B66        2         0
                text4                               B42      B42        A         0
                text3                               9FE      9FE       32         0
                text2                               AA8      AA8       22         0
                text1                               968      968       58         0
                text0                               848      848       92         0
                cinit                               ACA      ACA       1A         0

        CLASS   CONST          

        CLASS   SMALLCONST     
                smallconst                          600      600        A         0

        CLASS   MEDIUMCONST    

        CLASS   COMRAM         
                temp                                 42       42        1         1
                cstackCOMRAM                         26       26       1C         1
                bssCOMRAM                             1        1       25         1

        CLASS   ABS1           

        CLASS   BIGRAM         

        CLASS   RAM            

        CLASS   BANK0          

        CLASS   BANK1          

        CLASS   BANK2          

        CLASS   BANK3          

        CLASS   BANK4          

        CLASS   BANK5          

        CLASS   SFR            

        CLASS   FARRAM         

        CLASS   CONFIG         
                config                           300000   300000        E         0

        CLASS   IDLOC          
                idloc                            200000   200000        8         0

        CLASS   EEDATA         



SEGMENTS        Name                           Load    Length   Top    Selector   Space  Class

                reset_vec                      000000  000004  000004         0       0  CODE    
                bssCOMRAM                      000001  000042  000043         1       1  COMRAM  
                intcode                        000008  000096  00009E         4       0  CODE    
                smallconst                     000600  00000A  00060A       300       0  SMALLCON
                text20                         00060A  000562  000B6C       305       0  CODE    
                idloc                          200000  000008  200008    200000       0  IDLOC   
                config                         300000  00000E  30000E    300000       0  CONFIG  


UNUSED ADDRESS RANGES

        Name                Unused          Largest block    Delta
        BANK0            000060-0000FF               A0
        BANK1            000100-0001FF              100
        BANK2            000200-0002FF              100
        BANK3            000300-0003FF              100
        BANK4            000400-0004FF              100
        BANK5            000500-0005FF              100
        BIGRAM           000043-0005FF              5BD
        CODE             000004-000007                4
                         00009E-0005FF              562
                         000B6C-007FFF             7494
        COMRAM           000043-00005F               1D
        CONST            000004-000007                4
                         00009E-0005FF              562
                         000B6C-007FFF             7494
        EEDATA           F00000-F000FF              100
        MEDIUMCONST      000B6C-007FFF             7494
        RAM              000060-0005FF              100
        SFR              000F60-000FFF               A0
        SMALLCONST       000B6C-007FFF              100
        STACK            000060-0005FF              5A0

                                  Symbol Table

Encode_LED_Data_Channel1@DataReadI2C cstackCOMRAM 00003A
Encode_LED_Data_Channel1@index       cstackCOMRAM 000039
I2C_ISR@i2c_10bit_address_restart    bssCOMRAM    00000E
I2C_ISR@i2c_address                  bssCOMRAM    000024
I2C_ISR@i2c_bytes_left               bssCOMRAM    00000F
I2C_ISR@pi2c_buf_ptr                 bssCOMRAM    000008
I2C_MasterRead@trBlock               bssCOMRAM    000012
I2C_MasterWrite@trBlock              bssCOMRAM    000018
I2C_Master_Read@a                    cstackCOMRAM 00003A
I2C_Master_Read@temp                 cstackCOMRAM 00003B
I2C_Master_Write@d                   cstackCOMRAM 00003A
I2C_Stop@completion_code             cstackCOMRAM 000028
Read_I2C@Channel_Addr                cstackCOMRAM 00003E
Read_I2C@rcv_data                    cstackCOMRAM 00003D
Write_I2C@Channel_Addr               cstackCOMRAM 00003D
Write_I2C@Data                       cstackCOMRAM 00003B
_ACKDT                               (abs)        007E2D
_ACKEN                               (abs)        007E2C
_ANSEL                               (abs)        000F7E
_ANSELH                              (abs)        000F7F
_CCP1CON                             (abs)        000FBD
_CCP2CON                             (abs)        000FBA
_CCP2_Initialize                     text10       000B28
_CCPR1H                              (abs)        000FBF
_CCPR1L                              (abs)        000FBE
_CCPR2H                              (abs)        000FBC
_CCPR2L                              (abs)        000FBB
_CVRCON                              (abs)        000FB5
_CVREF_Initialize                    text9        000B5C
_ECCP1AS                             (abs)        000FB6
_ECCP1_Initialize                    text8        000AE4
_EEADR                               (abs)        000FA9
_EECON1bits                          (abs)        000FA6
_EECON2                              (abs)        000FA7
_EEDATA                              (abs)        000FA8
_EXT_INT_Initialize                  text7        000B68
_Encode_LED_Data_Channel1            text18       000A5A
_I2C_BusCollisionISR                 text23       000B6A
_I2C_FunctionComplete                text22       000AFE
_I2C_ISR                             text20       00060A
_I2C_Initialize                      text6        000A30
_I2C_Master_Read                     text16       000A82
_I2C_Master_Start                    text15       000B54
_I2C_Master_Stop                     text14       000B4C
_I2C_Master_Wait                     text17       000B16
_I2C_Master_Write                    text13       000B36
_I2C_Stop                            text21       0009C0
_INTCON2bits                         (abs)        000FF1
_INTCONbits                          (abs)        000FF2
_INTERRUPT_Initialize                text5        000B66
_INTERRUPT_InterruptManager          intcode      000008
_LATA                                (abs)        000F89
_LATB                                (abs)        000F8A
_LATC                                (abs)        000F8B
_LATD                                (abs)        000F8C
_LATE                                (abs)        000F8D
_LED_Data_Chan1                      smallconst   000601
_OSCCON                              (abs)        000FD3
_OSCILLATOR_Initialize               text4        000B42
_OSCTUNE                             (abs)        000F9B
_PEN                                 (abs)        007E2A
_PIE1bits                            (abs)        000F9D
_PIE2bits                            (abs)        000FA0
_PIN_MANAGER_Initialize              text3        0009FE
_PIR1bits                            (abs)        000F9E
_PIR2bits                            (abs)        000FA1
_PORTA                               (abs)        000F80
_PORTCbits                           (abs)        000F82
_PORTD                               (abs)        000F83
_PSTRCON                             (abs)        000FB9
_PWM1CON                             (abs)        000FB7
_RCEN                                (abs)        007E2B
_RSEN                                (abs)        007E29
_Read_I2C                            text12       0008DA
_Read_Port_IN                        text11       000B62
_SEN                                 (abs)        007E28
_SSPADD                              (abs)        000FC8
_SSPBUF                              (abs)        000FC9
_SSPCON1                             (abs)        000FC6
_SSPCON1bits                         (abs)        000FC6
_SSPCON2                             (abs)        000FC5
_SSPCON2bits                         (abs)        000FC5
_SSPSTAT                             (abs)        000FC7
_SYSTEM_Initialize                   text2        000AA8
_TABLAT                              (abs)        000FF5
_TBLPTRH                             (abs)        000FF7
_TBLPTRL                             (abs)        000FF6
_TBLPTRU                             (abs)        000FF8
_TRISA                               (abs)        000F92
_TRISB                               (abs)        000F93
_TRISC                               (abs)        000F94
_TRISD                               (abs)        000F95
_TRISE                               (abs)        000F96
_WPUB                                (abs)        000F7C
_Write_I2C                           text1        000968
__CFG_BOREN$SBORDIS                  (abs)        000000
__CFG_BORV$18                        (abs)        000000
__CFG_CCP2MX$PORTC                   (abs)        000000
__CFG_CP0$OFF                        (abs)        000000
__CFG_CP1$OFF                        (abs)        000000
__CFG_CP2$OFF                        (abs)        000000
__CFG_CP3$OFF                        (abs)        000000
__CFG_CPB$OFF                        (abs)        000000
__CFG_CPD$OFF                        (abs)        000000
__CFG_DEBUG$ON                       (abs)        000000
__CFG_EBTR0$OFF                      (abs)        000000
__CFG_EBTR1$OFF                      (abs)        000000
__CFG_EBTR2$OFF                      (abs)        000000
__CFG_EBTR3$OFF                      (abs)        000000
__CFG_EBTRB$OFF                      (abs)        000000
__CFG_FCMEN$OFF                      (abs)        000000
__CFG_FOSC$INTIO67                   (abs)        000000
__CFG_HFOFST$ON                      (abs)        000000
__CFG_IESO$OFF                       (abs)        000000
__CFG_LPT1OSC$OFF                    (abs)        000000
__CFG_LVP$ON                         (abs)        000000
__CFG_MCLRE$ON                       (abs)        000000
__CFG_PBADEN$OFF                     (abs)        000000
__CFG_PWRT$OFF                       (abs)        000000
__CFG_STVREN$ON                      (abs)        000000
__CFG_WDTEN$OFF                      (abs)        000000
__CFG_WDTPS$32768                    (abs)        000000
__CFG_WRT0$OFF                       (abs)        000000
__CFG_WRT1$OFF                       (abs)        000000
__CFG_WRT2$OFF                       (abs)        000000
__CFG_WRT3$OFF                       (abs)        000000
__CFG_WRTB$OFF                       (abs)        000000
__CFG_WRTC$OFF                       (abs)        000000
__CFG_WRTD$OFF                       (abs)        000000
__CFG_XINST$OFF                      (abs)        000000
__HRAM                               (abs)        000000
__Habs1                              abs1         000000
__Hbank0                             bank0        000000
__Hbank1                             bank1        000000
__Hbank2                             bank2        000000
__Hbank3                             bank3        000000
__Hbank4                             bank4        000000
__Hbank5                             bank5        000000
__Hbigbss                            bigbss       000000
__Hbigdata                           bigdata      000000
__Hbigram                            bigram       000000
__Hbss                               bss          000000
__HbssCOMRAM                         bssCOMRAM    000000
__Hcinit                             cinit        000000
__Hclrtext                           clrtext      000000
__Hcomram                            comram       000000
__Hconfig                            config       30000E
__Hconst                             const        000000
__HcstackCOMRAM                      cstackCOMRAM 000000
__Hdata                              data         000000
__Heeprom_data                       eeprom_data  000000
__Hfarbss                            farbss       000000
__Hfardata                           fardata      000000
__Hibigdata                          ibigdata     000000
__Hidata                             idata        000000
__Hidloc                             idloc        200008
__Hifardata                          ifardata     000000
__Hinit                              init         00009E
__Hintcode                           intcode      00009A
__Hintcode_body                      intcode_body 000000
__Hintcodelo                         intcodelo    00009A
__Hintentry                          intentry     000000
__Hintret                            intret       000000
__Hintsave_regs                      intsave_regs 000000
__Hirdata                            irdata       000000
__Hmediumconst                       mediumconst  000000
__HnvFARRAM                          nvFARRAM     000000
__Hnvbit                             nvbit        000000
__Hnvrram                            nvrram       000000
__Hparam                             rparam       000000
__Hpowerup                           powerup      00009A
__Hram                               ram          000000
__Hramtop                            ramtop       000600
__Hrbit                              rbit         000000
__Hrbss                              rbss         000000
__Hrdata                             rdata        000000
__Hreset_vec                         reset_vec    000004
__Hrparam                            rparam       000000
__Hsfr                               sfr          000000
__Hsmallconst                        smallconst   00060A
__Hspace_0                           (abs)        30000E
__Hspace_1                           (abs)        000043
__Hspace_2                           (abs)        000000
__Hstack                             stack        000000
__Hstruct                            struct       000000
__Htemp                              temp         000043
__Htext                              text         000000
__Htext0                             text0        000000
__Htext1                             text1        000000
__Htext10                            text10       000000
__Htext11                            text11       000000
__Htext12                            text12       000000
__Htext13                            text13       000000
__Htext14                            text14       000000
__Htext15                            text15       000000
__Htext16                            text16       000000
__Htext17                            text17       000000
__Htext18                            text18       000000
__Htext2                             text2        000000
__Htext20                            text20       000000
__Htext21                            text21       000000
__Htext22                            text22       000000
__Htext23                            text23       000000
__Htext3                             text3        000000
__Htext4                             text4        000000
__Htext5                             text5        000000
__Htext6                             text6        000000
__Htext7                             text7        000000
__Htext8                             text8        000000
__Htext9                             text9        000000
__LRAM                               (abs)        000001
__Labs1                              abs1         000000
__Lbank0                             bank0        000000
__Lbank1                             bank1        000000
__Lbank2                             bank2        000000
__Lbank3                             bank3        000000
__Lbank4                             bank4        000000
__Lbank5                             bank5        000000
__Lbigbss                            bigbss       000000
__Lbigdata                           bigdata      000000
__Lbigram                            bigram       000000
__Lbss                               bss          000000
__LbssCOMRAM                         bssCOMRAM    000000
__Lcinit                             cinit        000000
__Lclrtext                           clrtext      000000
__Lcomram                            comram       000000
__Lconfig                            config       300000
__Lconst                             const        000000
__LcstackCOMRAM                      cstackCOMRAM 000000
__Ldata                              data         000000
__Leeprom_data                       eeprom_data  000000
__Lfarbss                            farbss       000000
__Lfardata                           fardata      000000
__Libigdata                          ibigdata     000000
__Lidata                             idata        000000
__Lidloc                             idloc        200000
__Lifardata                          ifardata     000000
__Linit                              init         00009A
__Lintcode                           intcode      000008
__Lintcode_body                      intcode_body 000000
__Lintcodelo                         intcodelo    00009A
__Lintentry                          intentry     000000
__Lintret                            intret       000000
__Lintsave_regs                      intsave_regs 000000
__Lirdata                            irdata       000000
__Lmediumconst                       mediumconst  000000
__LnvFARRAM                          nvFARRAM     000000
__Lnvbit                             nvbit        000000
__Lnvrram                            nvrram       000000
__Lparam                             rparam       000000
__Lpowerup                           powerup      00009A
__Lram                               ram          000000
__Lramtop                            ramtop       000600
__Lrbit                              rbit         000000
__Lrbss                              rbss         000000
__Lrdata                             rdata        000000
__Lreset_vec                         reset_vec    000000
__Lrparam                            rparam       000000
__Lsfr                               sfr          000000
__Lsmallconst                        smallconst   000600
__Lspace_0                           (abs)        000000
__Lspace_1                           (abs)        000000
__Lspace_2                           (abs)        000000
__Lstack                             stack        000000
__Lstruct                            struct       000000
__Ltemp                              temp         000042
__Ltext                              text         000000
__Ltext0                             text0        000000
__Ltext1                             text1        000000
__Ltext10                            text10       000000
__Ltext11                            text11       000000
__Ltext12                            text12       000000
__Ltext13                            text13       000000
__Ltext14                            text14       000000
__Ltext15                            text15       000000
__Ltext16                            text16       000000
__Ltext17                            text17       000000
__Ltext18                            text18       000000
__Ltext2                             text2        000000
__Ltext20                            text20       000000
__Ltext21                            text21       000000
__Ltext22                            text22       000000
__Ltext23                            text23       000000
__Ltext3                             text3        000000
__Ltext4                             text4        000000
__Ltext5                             text5        000000
__Ltext6                             text6        000000
__Ltext7                             text7        000000
__Ltext8                             text8        000000
__Ltext9                             text9        000000
__S0                                 (abs)        30000E
__S1                                 (abs)        000043
__S2                                 (abs)        000000
___inthi_sp                          stack        000000
___intlo_sp                          stack        000000
___param_bank                        (abs)        000000
___rparam_used                       (abs)        000001
___sp                                stack        000000
__accesstop                          (abs)        000060
__activetblptr                       (abs)        000002
__end_of_CCP2_Initialize             text10       000B36
__end_of_CVREF_Initialize            text9        000B62
__end_of_ECCP1_Initialize            text8        000AFE
__end_of_EXT_INT_Initialize          text7        000B6A
__end_of_Encode_LED_Data_Channel1    text18       000A82
__end_of_I2C_BusCollisionISR         text23       000B6C
__end_of_I2C_FunctionComplete        text22       000B16
__end_of_I2C_ISR                     text20       000848
__end_of_I2C_Initialize              text6        000A5A
__end_of_I2C_Master_Read             text16       000AA8
__end_of_I2C_Master_Start            text15       000B5C
__end_of_I2C_Master_Stop             text14       000B54
__end_of_I2C_Master_Wait             text17       000B28
__end_of_I2C_Master_Write            text13       000B42
__end_of_I2C_Stop                    text21       0009FE
__end_of_INTERRUPT_Initialize        text5        000B68
__end_of_INTERRUPT_InterruptManager  intcode      00009A
__end_of_LED_Data_Chan1              smallconst   000609
__end_of_OSCILLATOR_Initialize       text4        000B4C
__end_of_PIN_MANAGER_Initialize      text3        000A30
__end_of_Read_I2C                    text12       000968
__end_of_Read_Port_IN                text11       000B66
__end_of_SYSTEM_Initialize           text2        000ACA
__end_of_Write_I2C                   text1        0009C0
__end_of__initialization             cinit        000AD6
__end_of_main                        text0        0008DA
__initialization                     cinit        000ACA
__mediumconst                        mediumconst  000000
__pbssCOMRAM                         bssCOMRAM    000001
__pcinit                             cinit        000ACA
__pcstackCOMRAM                      cstackCOMRAM 000026
__pintcode                           intcode      000008
__psmallconst                        smallconst   000600
__ptext0                             text0        000848
__ptext1                             text1        000968
__ptext10                            text10       000B28
__ptext11                            text11       000B62
__ptext12                            text12       0008DA
__ptext13                            text13       000B36
__ptext14                            text14       000B4C
__ptext15                            text15       000B54
__ptext16                            text16       000A82
__ptext17                            text17       000B16
__ptext18                            text18       000A5A
__ptext2                             text2        000AA8
__ptext20                            text20       00060A
__ptext21                            text21       0009C0
__ptext22                            text22       000AFE
__ptext23                            text23       000B6A
__ptext3                             text3        0009FE
__ptext4                             text4        000B42
__ptext5                             text5        000B66
__ptext6                             text6        000A30
__ptext7                             text7        000B68
__ptext8                             text8        000AE4
__ptext9                             text9        000B5C
__ramtop                             ramtop       000600
__size_of_CCP2_Initialize            (abs)        000000
__size_of_CVREF_Initialize           (abs)        000000
__size_of_ECCP1_Initialize           (abs)        000000
__size_of_EXT_INT_Initialize         (abs)        000000
__size_of_Encode_LED_Data_Channel1   (abs)        000000
__size_of_I2C_BusCollisionISR        (abs)        000000
__size_of_I2C_FunctionComplete       (abs)        000000
__size_of_I2C_ISR                    (abs)        000000
__size_of_I2C_Initialize             (abs)        000000
__size_of_I2C_Master_Read            (abs)        000000
__size_of_I2C_Master_Start           (abs)        000000
__size_of_I2C_Master_Stop            (abs)        000000
__size_of_I2C_Master_Wait            (abs)        000000
__size_of_I2C_Master_Write           (abs)        000000
__size_of_I2C_Stop                   (abs)        000000
__size_of_INTERRUPT_Initialize       (abs)        000000
__size_of_INTERRUPT_InterruptManager (abs)        000000
__size_of_OSCILLATOR_Initialize      (abs)        000000
__size_of_PIN_MANAGER_Initialize     (abs)        000000
__size_of_Read_I2C                   (abs)        000000
__size_of_Read_Port_IN               (abs)        000000
__size_of_SYSTEM_Initialize          (abs)        000000
__size_of_Write_I2C                  (abs)        000000
__size_of_main                       (abs)        000000
__smallconst                         smallconst   000600
_i2c_object                          bssCOMRAM    000001
_i2c_state                           bssCOMRAM    000011
_i2c_tr_queue                        bssCOMRAM    00001E
_i2c_trb_count                       bssCOMRAM    000010
_main                                text0        000848
_p_i2c_current                       bssCOMRAM    00000A
_p_i2c_trb_current                   bssCOMRAM    00000C
btemp                                temp         000042
end_of_initialization                cinit        000AD6
int$flags                            temp         000042
intlevel0                            text         000000
intlevel1                            text         000000
intlevel2                            text         000000
intlevel3                            text         000000
main@I2C_Data                        cstackCOMRAM 000041
main@Led_Data                        cstackCOMRAM 000040
main@channel                         cstackCOMRAM 00003F
stackhi                              (abs)        0005FF
stacklo                              (abs)        000060
start                                init         00009A
start_initialization                 cinit        000ACA


FUNCTION INFORMATION:

 *************** function _main *****************
 Defined at:
		line 159 in file "../KB_Scan.X/Source/main.c"
 Parameters:    Size  Location     Type
		None
 Auto vars:     Size  Location     Type
  I2C_Data        1   27[COMRAM] unsigned char 
  Led_Data        1   26[COMRAM] unsigned char 
  channel         1   25[COMRAM] unsigned char 
 Return value:  Size  Location     Type
                  1    wreg      void 
 Registers used:
		wreg, status,2, status,0, tblptrl, tblptrh, tblptru, prodl, prodh, cstack
 Tracked objects:
		On entry : 
		On exit  : 
		Unchanged: 
 Data sizes:     COMRAM   BANK0   BANK1   BANK2   BANK3   BANK4   BANK5
      Params:         0       0       0       0       0       0       0
      Locals:         3       0       0       0       0       0       0
      Temps:          0       0       0       0       0       0       0
      Totals:         3       0       0       0       0       0       0
Total ram usage:        3 bytes
 Hardware stack levels required when called:    6
 This function calls:
		_Encode_LED_Data_Channel1
		_Read_I2C
		_Read_Port_IN
		_SYSTEM_Initialize
		_Write_I2C
 This function is called by:
		Startup code after reset
 This function uses a non-reentrant model


 *************** function _Write_I2C *****************
 Defined at:
		line 132 in file "../KB_Scan.X/Source/main.c"
 Parameters:    Size  Location     Type
  Channel_Addr    1    wreg     unsigned char 
  Data            1   21[COMRAM] unsigned char 
 Auto vars:     Size  Location     Type
  Channel_Addr    1   23[COMRAM] unsigned char 
 Return value:  Size  Location     Type
                  1    wreg      void 
 Registers used:
		wreg, status,2, status,0, cstack
 Tracked objects:
		On entry : 
		On exit  : 
		Unchanged: 
 Data sizes:     COMRAM   BANK0   BANK1   BANK2   BANK3   BANK4   BANK5
      Params:         1       0       0       0       0       0       0
      Locals:         1       0       0       0       0       0       0
      Temps:          1       0       0       0       0       0       0
      Totals:         3       0       0       0       0       0       0
Total ram usage:        3 bytes
 Hardware stack levels used:    1
 Hardware stack levels required when called:    5
 This function calls:
		_I2C_Master_Start
		_I2C_Master_Stop
		_I2C_Master_Write
 This function is called by:
		_main
 This function uses a non-reentrant model


 *************** function _SYSTEM_Initialize *****************
 Defined at:
		line 79 in file "../KB_Scan.X/Source/main.c"
 Parameters:    Size  Location     Type
		None
 Auto vars:     Size  Location     Type
		None
 Return value:  Size  Location     Type
                  1    wreg      void 
 Registers used:
		wreg, status,2, status,0, cstack
 Tracked objects:
		On entry : 
		On exit  : 
		Unchanged: 
 Data sizes:     COMRAM   BANK0   BANK1   BANK2   BANK3   BANK4   BANK5
      Params:         0       0       0       0       0       0       0
      Locals:         0       0       0       0       0       0       0
      Temps:          0       0       0       0       0       0       0
      Totals:         0       0       0       0       0       0       0
Total ram usage:        0 bytes
 Hardware stack levels used:    1
 Hardware stack levels required when called:    4
 This function calls:
		_CCP2_Initialize
		_CVREF_Initialize
		_ECCP1_Initialize
		_EXT_INT_Initialize
		_I2C_Initialize
		_INTERRUPT_Initialize
		_OSCILLATOR_Initialize
		_PIN_MANAGER_Initialize
 This function is called by:
		_main
 This function uses a non-reentrant model


 *************** function _PIN_MANAGER_Initialize *****************
 Defined at:
		line 52 in file "../KB_Scan.X/Source/pin_manager.c"
 Parameters:    Size  Location     Type
		None
 Auto vars:     Size  Location     Type
		None
 Return value:  Size  Location     Type
                  1    wreg      void 
 Registers used:
		wreg, status,2
 Tracked objects:
		On entry : 
		On exit  : 
		Unchanged: 
 Data sizes:     COMRAM   BANK0   BANK1   BANK2   BANK3   BANK4   BANK5
      Params:         0       0       0       0       0       0       0
      Locals:         0       0       0       0       0       0       0
      Temps:          0       0       0       0       0       0       0
      Totals:         0       0       0       0       0       0       0
Total ram usage:        0 bytes
 Hardware stack levels used:    1
 Hardware stack levels required when called:    3
 This function calls:
		Nothing
 This function is called by:
		_SYSTEM_Initialize
 This function uses a non-reentrant model


 *************** function _OSCILLATOR_Initialize *****************
 Defined at:
		line 92 in file "../KB_Scan.X/Source/main.c"
 Parameters:    Size  Location     Type
		None
 Auto vars:     Size  Location     Type
		None
 Return value:  Size  Location     Type
                  1    wreg      void 
 Registers used:
		wreg, status,2
 Tracked objects:
		On entry : 
		On exit  : 
		Unchanged: 
 Data sizes:     COMRAM   BANK0   BANK1   BANK2   BANK3   BANK4   BANK5
      Params:         0       0       0       0       0       0       0
      Locals:         0       0       0       0       0       0       0
      Temps:          0       0       0       0       0       0       0
      Totals:         0       0       0       0       0       0       0
Total ram usage:        0 bytes
 Hardware stack levels used:    1
 Hardware stack levels required when called:    3
 This function calls:
		Nothing
 This function is called by:
		_SYSTEM_Initialize
 This function uses a non-reentrant model


 *************** function _INTERRUPT_Initialize *****************
 Defined at:
		line 51 in file "../KB_Scan.X/Source/interrupt_manager.c"
 Parameters:    Size  Location     Type
		None
 Auto vars:     Size  Location     Type
		None
 Return value:  Size  Location     Type
                  1    wreg      void 
 Registers used:
		None
 Tracked objects:
		On entry : 
		On exit  : 
		Unchanged: 
 Data sizes:     COMRAM   BANK0   BANK1   BANK2   BANK3   BANK4   BANK5
      Params:         0       0       0       0       0       0       0
      Locals:         0       0       0       0       0       0       0
      Temps:          0       0       0       0       0       0       0
      Totals:         0       0       0       0       0       0       0
Total ram usage:        0 bytes
 Hardware stack levels used:    1
 Hardware stack levels required when called:    3
 This function calls:
		Nothing
 This function is called by:
		_SYSTEM_Initialize
 This function uses a non-reentrant model


 *************** function _I2C_Initialize *****************
 Defined at:
		line 198 in file "../KB_Scan.X/Source/i2c.c"
 Parameters:    Size  Location     Type
		None
 Auto vars:     Size  Location     Type
		None
 Return value:  Size  Location     Type
                  1    wreg      void 
 Registers used:
		wreg, status,2, status,0
 Tracked objects:
		On entry : 
		On exit  : 
		Unchanged: 
 Data sizes:     COMRAM   BANK0   BANK1   BANK2   BANK3   BANK4   BANK5
      Params:         0       0       0       0       0       0       0
      Locals:         0       0       0       0       0       0       0
      Temps:          0       0       0       0       0       0       0
      Totals:         0       0       0       0       0       0       0
Total ram usage:        0 bytes
 Hardware stack levels used:    1
 Hardware stack levels required when called:    3
 This function calls:
		Nothing
 This function is called by:
		_SYSTEM_Initialize
 This function uses a non-reentrant model


 *************** function _EXT_INT_Initialize *****************
 Defined at:
		line 47 in file "../KB_Scan.X/Source/ext_int.c"
 Parameters:    Size  Location     Type
		None
 Auto vars:     Size  Location     Type
		None
 Return value:  Size  Location     Type
                  1    wreg      void 
 Registers used:
		None
 Tracked objects:
		On entry : 
		On exit  : 
		Unchanged: 
 Data sizes:     COMRAM   BANK0   BANK1   BANK2   BANK3   BANK4   BANK5
      Params:         0       0       0       0       0       0       0
      Locals:         0       0       0       0       0       0       0
      Temps:          0       0       0       0       0       0       0
      Totals:         0       0       0       0       0       0       0
Total ram usage:        0 bytes
 Hardware stack levels used:    1
 Hardware stack levels required when called:    3
 This function calls:
		Nothing
 This function is called by:
		_SYSTEM_Initialize
 This function uses a non-reentrant model


 *************** function _ECCP1_Initialize *****************
 Defined at:
		line 57 in file "../KB_Scan.X/Source/eccp1.c"
 Parameters:    Size  Location     Type
		None
 Auto vars:     Size  Location     Type
		None
 Return value:  Size  Location     Type
                  1    wreg      void 
 Registers used:
		wreg, status,2
 Tracked objects:
		On entry : 
		On exit  : 
		Unchanged: 
 Data sizes:     COMRAM   BANK0   BANK1   BANK2   BANK3   BANK4   BANK5
      Params:         0       0       0       0       0       0       0
      Locals:         0       0       0       0       0       0       0
      Temps:          0       0       0       0       0       0       0
      Totals:         0       0       0       0       0       0       0
Total ram usage:        0 bytes
 Hardware stack levels used:    1
 Hardware stack levels required when called:    3
 This function calls:
		Nothing
 This function is called by:
		_SYSTEM_Initialize
 This function uses a non-reentrant model


 *************** function _CVREF_Initialize *****************
 Defined at:
		line 57 in file "../KB_Scan.X/Source/cvref.c"
 Parameters:    Size  Location     Type
		None
 Auto vars:     Size  Location     Type
		None
 Return value:  Size  Location     Type
                  1    wreg      void 
 Registers used:
		wreg, status,2
 Tracked objects:
		On entry : 
		On exit  : 
		Unchanged: 
 Data sizes:     COMRAM   BANK0   BANK1   BANK2   BANK3   BANK4   BANK5
      Params:         0       0       0       0       0       0       0
      Locals:         0       0       0       0       0       0       0
      Temps:          0       0       0       0       0       0       0
      Totals:         0       0       0       0       0       0       0
Total ram usage:        0 bytes
 Hardware stack levels used:    1
 Hardware stack levels required when called:    3
 This function calls:
		Nothing
 This function is called by:
		_SYSTEM_Initialize
 This function uses a non-reentrant model


 *************** function _CCP2_Initialize *****************
 Defined at:
		line 57 in file "../KB_Scan.X/Source/ccp2.c"
 Parameters:    Size  Location     Type
		None
 Auto vars:     Size  Location     Type
		None
 Return value:  Size  Location     Type
                  1    wreg      void 
 Registers used:
		wreg, status,2
 Tracked objects:
		On entry : 
		On exit  : 
		Unchanged: 
 Data sizes:     COMRAM   BANK0   BANK1   BANK2   BANK3   BANK4   BANK5
      Params:         0       0       0       0       0       0       0
      Locals:         0       0       0       0       0       0       0
      Temps:          0       0       0       0       0       0       0
      Totals:         0       0       0       0       0       0       0
Total ram usage:        0 bytes
 Hardware stack levels used:    1
 Hardware stack levels required when called:    3
 This function calls:
		Nothing
 This function is called by:
		_SYSTEM_Initialize
 This function uses a non-reentrant model


 *************** function _Read_Port_IN *****************
 Defined at:
		line 100 in file "../KB_Scan.X/Source/main.c"
 Parameters:    Size  Location     Type
		None
 Auto vars:     Size  Location     Type
		None
 Return value:  Size  Location     Type
                  1    wreg      unsigned char 
 Registers used:
		wreg, status,2
 Tracked objects:
		On entry : 
		On exit  : 
		Unchanged: 
 Data sizes:     COMRAM   BANK0   BANK1   BANK2   BANK3   BANK4   BANK5
      Params:         0       0       0       0       0       0       0
      Locals:         0       0       0       0       0       0       0
      Temps:          0       0       0       0       0       0       0
      Totals:         0       0       0       0       0       0       0
Total ram usage:        0 bytes
 Hardware stack levels used:    1
 Hardware stack levels required when called:    3
 This function calls:
		Nothing
 This function is called by:
		_main
 This function uses a non-reentrant model


 *************** function _Read_I2C *****************
 Defined at:
		line 105 in file "../KB_Scan.X/Source/main.c"
 Parameters:    Size  Location     Type
  Channel_Addr    1    wreg     unsigned char 
 Auto vars:     Size  Location     Type
  Channel_Addr    1   24[COMRAM] unsigned char 
  rcv_data        1   23[COMRAM] unsigned char 
 Return value:  Size  Location     Type
                  1    wreg      unsigned char 
 Registers used:
		wreg, status,2, status,0, cstack
 Tracked objects:
		On entry : 
		On exit  : 
		Unchanged: 
 Data sizes:     COMRAM   BANK0   BANK1   BANK2   BANK3   BANK4   BANK5
      Params:         0       0       0       0       0       0       0
      Locals:         2       0       0       0       0       0       0
      Temps:          1       0       0       0       0       0       0
      Totals:         3       0       0       0       0       0       0
Total ram usage:        3 bytes
 Hardware stack levels used:    1
 Hardware stack levels required when called:    5
 This function calls:
		_I2C_Master_Read
		_I2C_Master_Start
		_I2C_Master_Stop
		_I2C_Master_Write
 This function is called by:
		_main
 This function uses a non-reentrant model


 *************** function _I2C_Master_Write *****************
 Defined at:
		line 774 in file "../KB_Scan.X/Source/i2c.c"
 Parameters:    Size  Location     Type
  d               1    wreg     unsigned char 
 Auto vars:     Size  Location     Type
  d               1   20[COMRAM] unsigned char 
 Return value:  Size  Location     Type
                  1    wreg      void 
 Registers used:
		wreg, status,2, status,0, cstack
 Tracked objects:
		On entry : 
		On exit  : 
		Unchanged: 
 Data sizes:     COMRAM   BANK0   BANK1   BANK2   BANK3   BANK4   BANK5
      Params:         0       0       0       0       0       0       0
      Locals:         1       0       0       0       0       0       0
      Temps:          0       0       0       0       0       0       0
      Totals:         1       0       0       0       0       0       0
Total ram usage:        1 bytes
 Hardware stack levels used:    1
 Hardware stack levels required when called:    4
 This function calls:
		_I2C_Master_Wait
 This function is called by:
		_Read_I2C
		_Write_I2C
 This function uses a non-reentrant model


 *************** function _I2C_Master_Stop *****************
 Defined at:
		line 756 in file "../KB_Scan.X/Source/i2c.c"
 Parameters:    Size  Location     Type
		None
 Auto vars:     Size  Location     Type
		None
 Return value:  Size  Location     Type
                  1    wreg      void 
 Registers used:
		wreg, status,2, status,0, cstack
 Tracked objects:
		On entry : 
		On exit  : 
		Unchanged: 
 Data sizes:     COMRAM   BANK0   BANK1   BANK2   BANK3   BANK4   BANK5
      Params:         0       0       0       0       0       0       0
      Locals:         0       0       0       0       0       0       0
      Temps:          0       0       0       0       0       0       0
      Totals:         0       0       0       0       0       0       0
Total ram usage:        0 bytes
 Hardware stack levels used:    1
 Hardware stack levels required when called:    4
 This function calls:
		_I2C_Master_Wait
 This function is called by:
		_Read_I2C
		_Write_I2C
 This function uses a non-reentrant model


 *************** function _I2C_Master_Start *****************
 Defined at:
		line 750 in file "../KB_Scan.X/Source/i2c.c"
 Parameters:    Size  Location     Type
		None
 Auto vars:     Size  Location     Type
		None
 Return value:  Size  Location     Type
                  1    wreg      void 
 Registers used:
		wreg, status,2, status,0, cstack
 Tracked objects:
		On entry : 
		On exit  : 
		Unchanged: 
 Data sizes:     COMRAM   BANK0   BANK1   BANK2   BANK3   BANK4   BANK5
      Params:         0       0       0       0       0       0       0
      Locals:         0       0       0       0       0       0       0
      Temps:          0       0       0       0       0       0       0
      Totals:         0       0       0       0       0       0       0
Total ram usage:        0 bytes
 Hardware stack levels used:    1
 Hardware stack levels required when called:    4
 This function calls:
		_I2C_Master_Wait
 This function is called by:
		_Read_I2C
		_Write_I2C
 This function uses a non-reentrant model


 *************** function _I2C_Master_Read *****************
 Defined at:
		line 736 in file "../KB_Scan.X/Source/i2c.c"
 Parameters:    Size  Location     Type
  a               1    wreg     unsigned char 
 Auto vars:     Size  Location     Type
  a               1   20[COMRAM] unsigned char 
  temp            1   21[COMRAM] unsigned char 
 Return value:  Size  Location     Type
                  1    wreg      unsigned char 
 Registers used:
		wreg, status,2, status,0, cstack
 Tracked objects:
		On entry : 
		On exit  : 
		Unchanged: 
 Data sizes:     COMRAM   BANK0   BANK1   BANK2   BANK3   BANK4   BANK5
      Params:         0       0       0       0       0       0       0
      Locals:         2       0       0       0       0       0       0
      Temps:          0       0       0       0       0       0       0
      Totals:         2       0       0       0       0       0       0
Total ram usage:        2 bytes
 Hardware stack levels used:    1
 Hardware stack levels required when called:    4
 This function calls:
		_I2C_Master_Wait
 This function is called by:
		_Read_I2C
 This function uses a non-reentrant model


 *************** function _I2C_Master_Wait *****************
 Defined at:
		line 762 in file "../KB_Scan.X/Source/i2c.c"
 Parameters:    Size  Location     Type
		None
 Auto vars:     Size  Location     Type
		None
 Return value:  Size  Location     Type
                  1    wreg      void 
 Registers used:
		wreg, status,2, status,0
 Tracked objects:
		On entry : 
		On exit  : 
		Unchanged: 
 Data sizes:     COMRAM   BANK0   BANK1   BANK2   BANK3   BANK4   BANK5
      Params:         0       0       0       0       0       0       0
      Locals:         0       0       0       0       0       0       0
      Temps:          1       0       0       0       0       0       0
      Totals:         1       0       0       0       0       0       0
Total ram usage:        1 bytes
 Hardware stack levels used:    1
 Hardware stack levels required when called:    3
 This function calls:
		Nothing
 This function is called by:
		_I2C_Master_Read
		_I2C_Master_Start
		_I2C_Master_Stop
		_I2C_Master_Write
		_I2C_Master_RepeatedStart
 This function uses a non-reentrant model


 *************** function _Encode_LED_Data_Channel1 *****************
 Defined at:
		line 148 in file "../KB_Scan.X/Source/main.c"
 Parameters:    Size  Location     Type
  DataReadI2C     1    wreg     unsigned char 
 Auto vars:     Size  Location     Type
  DataReadI2C     1   20[COMRAM] unsigned char 
  index           1   19[COMRAM] unsigned char 
 Return value:  Size  Location     Type
                  1    wreg      unsigned char 
 Registers used:
		wreg, status,2, status,0, tblptrl, tblptrh, tblptru, prodl, prodh
 Tracked objects:
		On entry : 
		On exit  : 
		Unchanged: 
 Data sizes:     COMRAM   BANK0   BANK1   BANK2   BANK3   BANK4   BANK5
      Params:         0       0       0       0       0       0       0
      Locals:         2       0       0       0       0       0       0
      Temps:          0       0       0       0       0       0       0
      Totals:         2       0       0       0       0       0       0
Total ram usage:        2 bytes
 Hardware stack levels used:    1
 Hardware stack levels required when called:    3
 This function calls:
		Nothing
 This function is called by:
		_main
 This function uses a non-reentrant model


 *************** function _INTERRUPT_InterruptManager *****************
 Defined at:
		line 57 in file "../KB_Scan.X/Source/interrupt_manager.c"
 Parameters:    Size  Location     Type
		None
 Auto vars:     Size  Location     Type
		None
 Return value:  Size  Location     Type
                  1    wreg      void 
 Registers used:
		wreg, fsr2l, fsr2h, status,2, status,0, cstack
 Tracked objects:
		On entry : 
		On exit  : 
		Unchanged: 
 Data sizes:     COMRAM   BANK0   BANK1   BANK2   BANK3   BANK4   BANK5
      Params:         0       0       0       0       0       0       0
      Locals:         0       0       0       0       0       0       0
      Temps:         14       0       0       0       0       0       0
      Totals:        14       0       0       0       0       0       0
Total ram usage:       14 bytes
 Hardware stack levels used:    1
 Hardware stack levels required when called:    2
 This function calls:
		_I2C_BusCollisionISR
		_I2C_ISR
 This function is called by:
		Interrupt level 2
 This function uses a non-reentrant model


 *************** function _I2C_ISR *****************
 Defined at:
		line 235 in file "../KB_Scan.X/Source/i2c.c"
 Parameters:    Size  Location     Type
		None
 Auto vars:     Size  Location     Type
		None
 Return value:  Size  Location     Type
                  1    wreg      void 
 Registers used:
		wreg, fsr2l, fsr2h, status,2, status,0, cstack
 Tracked objects:
		On entry : 
		On exit  : 
		Unchanged: 
 Data sizes:     COMRAM   BANK0   BANK1   BANK2   BANK3   BANK4   BANK5
      Params:         0       0       0       0       0       0       0
      Locals:         0       0       0       0       0       0       0
      Temps:          2       0       0       0       0       0       0
      Totals:         2       0       0       0       0       0       0
Total ram usage:        2 bytes
 Hardware stack levels used:    1
 Hardware stack levels required when called:    1
 This function calls:
		_I2C_FunctionComplete
		_I2C_Stop
 This function is called by:
		_INTERRUPT_InterruptManager
 This function uses a non-reentrant model


 *************** function _I2C_Stop *****************
 Defined at:
		line 583 in file "../KB_Scan.X/Source/i2c.c"
 Parameters:    Size  Location     Type
  completion_c    1    wreg     enum E3229
 Auto vars:     Size  Location     Type
  completion_c    1    2[COMRAM] enum E3229
 Return value:  Size  Location     Type
                  1    wreg      void 
 Registers used:
		wreg, fsr2l, fsr2h, status,2, status,0
 Tracked objects:
		On entry : 
		On exit  : 
		Unchanged: 
 Data sizes:     COMRAM   BANK0   BANK1   BANK2   BANK3   BANK4   BANK5
      Params:         0       0       0       0       0       0       0
      Locals:         1       0       0       0       0       0       0
      Temps:          2       0       0       0       0       0       0
      Totals:         3       0       0       0       0       0       0
Total ram usage:        3 bytes
 Hardware stack levels used:    1
 This function calls:
		Nothing
 This function is called by:
		_I2C_ISR
 This function uses a non-reentrant model


 *************** function _I2C_FunctionComplete *****************
 Defined at:
		line 565 in file "../KB_Scan.X/Source/i2c.c"
 Parameters:    Size  Location     Type
		None
 Auto vars:     Size  Location     Type
		None
 Return value:  Size  Location     Type
                  1    wreg      void 
 Registers used:
		wreg, status,2, status,0
 Tracked objects:
		On entry : 
		On exit  : 
		Unchanged: 
 Data sizes:     COMRAM   BANK0   BANK1   BANK2   BANK3   BANK4   BANK5
      Params:         0       0       0       0       0       0       0
      Locals:         0       0       0       0       0       0       0
      Temps:          0       0       0       0       0       0       0
      Totals:         0       0       0       0       0       0       0
Total ram usage:        0 bytes
 Hardware stack levels used:    1
 This function calls:
		Nothing
 This function is called by:
		_I2C_ISR
 This function uses a non-reentrant model


 *************** function _I2C_BusCollisionISR *****************
 Defined at:
		line 730 in file "../KB_Scan.X/Source/i2c.c"
 Parameters:    Size  Location     Type
		None
 Auto vars:     Size  Location     Type
		None
 Return value:  Size  Location     Type
                  1    wreg      void 
 Registers used:
		None
 Tracked objects:
		On entry : 
		On exit  : 
		Unchanged: 
 Data sizes:     COMRAM   BANK0   BANK1   BANK2   BANK3   BANK4   BANK5
      Params:         0       0       0       0       0       0       0
      Locals:         0       0       0       0       0       0       0
      Temps:          0       0       0       0       0       0       0
      Totals:         0       0       0       0       0       0       0
Total ram usage:        0 bytes
 Hardware stack levels used:    1
 This function calls:
		Nothing
 This function is called by:
		_INTERRUPT_InterruptManager
 This function uses a non-reentrant model



MODULE INFORMATION

Module		Function		Class		Link	Load	Size
../KB_Scan.X/Source/i2c.c
		_I2C_FunctionComplete		CODE           	0AFE	0000	25
		_I2C_Master_Read		CODE           	0A82	0000	39
		_I2C_Master_Wait		CODE           	0B16	0000	19
		_I2C_Master_Stop		CODE           	0B4C	0000	9
		_I2C_ISR       		CODE           	060A	0000	575
		_I2C_Stop      		CODE           	09C0	0000	63
		_I2C_Master_Write		CODE           	0B36	0000	13
		_I2C_Initialize		CODE           	0A30	0000	43
		_I2C_Master_Start		CODE           	0B54	0000	9
		_I2C_BusCollisionISR		CODE           	0B6A	0000	3

../KB_Scan.X/Source/i2c.c estimated size: 798

../KB_Scan.X/Source/pin_manager.c
		_PIN_MANAGER_Initialize		CODE           	09FE	0000	51

../KB_Scan.X/Source/pin_manager.c estimated size: 51

../KB_Scan.X/Source/ccp2.c
		_CCP2_Initialize		CODE           	0B28	0000	15

../KB_Scan.X/Source/ccp2.c estimated size: 15

../KB_Scan.X/Source/interrupt_manager.c
		_INTERRUPT_Initialize		CODE           	0B66	0000	3
		_INTERRUPT_InterruptManager		CODE           	0008	0000	147

../KB_Scan.X/Source/interrupt_manager.c estimated size: 150

../KB_Scan.X/Source/eccp1.c
		_ECCP1_Initialize		CODE           	0AE4	0000	27

../KB_Scan.X/Source/eccp1.c estimated size: 27

../KB_Scan.X/Source/main.c
		_Read_Port_IN  		CODE           	0B62	0000	5
		_Write_I2C     		CODE           	0968	0000	89
		_main          		CODE           	0848	0000	147
		_OSCILLATOR_Initialize		CODE           	0B42	0000	11
		_SYSTEM_Initialize		CODE           	0AA8	0000	35
		_Read_I2C      		CODE           	08DA	0000	143
		_Encode_LED_Data_Channel1		CODE           	0A5A	0000	41

../KB_Scan.X/Source/main.c estimated size: 471

../KB_Scan.X/Source/ext_int.c
		_EXT_INT_Initialize		CODE           	0B68	0000	3

../KB_Scan.X/Source/ext_int.c estimated size: 3

shared
		__initialization		CODE           	0ACA	0000	13
		_LED_Data_Chan1		SMALLCONST     	0601	0000	9

shared estimated size: 22

../KB_Scan.X/Source/cvref.c
		_CVREF_Initialize		CODE           	0B5C	0000	7

../KB_Scan.X/Source/cvref.c estimated size: 7

